src/components/shared/Footer.tsx(14,17): error TS2339: Property 'ethereum' does not exist on type 'Window & typeof globalThis'.
src/components/shared/Footer.tsx(20,37): error TS2339: Property 'ethereum' does not exist on type 'Window & typeof globalThis'.
